This file contains any messages produced by compilers while
running configure, to aid debugging if configure makes a mistake.

It was created by libsc configure 2.8.7, which was
generated by GNU Autoconf 2.69.  Invocation command line was

  $ ../../sc/configure --disable-option-checking --prefix=/home/lukasg/p4est_playground/p4est/build0/local CFLAGS=-g -O0 --enable-mpi --enable-debug --enable-vtk --cache-file=/dev/null --srcdir=../../sc

## --------- ##
## Platform. ##
## --------- ##

hostname = csrwks2023-0217.engin.umich.edu
uname -m = x86_64
uname -r = 4.18.0-553.5.1.el8_10.x86_64
uname -s = Linux
uname -v = #1 SMP Tue May 21 03:13:04 EDT 2024

/usr/bin/uname -p = x86_64
/bin/uname -X     = unknown

/bin/arch              = x86_64
/usr/bin/arch -k       = unknown
/usr/convex/getsysinfo = unknown
/usr/bin/hostinfo      = unknown
/bin/machine           = unknown
/usr/bin/oslevel       = unknown
/bin/universe          = unknown

PATH: /home/lukasg/mpi/bin
PATH: /home/lukasg/.cursor-server/bin/54c27320fab08c9f5dd5873f07fca101f7a3e070/bin/remote-cli
PATH: /usr/local/cuda-12.1/bin
PATH: /home/lukasg/mpi/bin
PATH: /usr/local/cuda-12.1/bin
PATH: /home/lukasg/mpi/bin
PATH: /usr/local/cuda-12.1/bin
PATH: /home/lukasg/mpi/bin
PATH: /home/lukasg/mpi/bin
PATH: /home/lukasg/.local/bin
PATH: /home/lukasg/bin
PATH: /usr/share/Modules/bin
PATH: /usr/local/bin
PATH: /usr/bin
PATH: /usr/local/sbin
PATH: /usr/sbin


## ----------- ##
## Core tests. ##
## ----------- ##

configure:2394: checking for a BSD-compatible install
configure:2462: result: /usr/bin/install -c
configure:2473: checking whether build environment is sane
configure:2528: result: yes
configure:2679: checking for a thread-safe mkdir -p
configure:2718: result: /usr/bin/mkdir -p
configure:2725: checking for gawk
configure:2741: found /usr/bin/gawk
configure:2752: result: gawk
configure:2763: checking whether make sets $(MAKE)
configure:2785: result: yes
configure:2814: checking whether make supports nested variables
configure:2831: result: yes
configure:2968: checking whether make supports nested variables
configure:2985: result: yes
configure:3012: checking for a sed that does not truncate output
configure:3076: result: /usr/bin/sed
configure:3095: checking Major version
configure:3097: result: 2
configure:3099: checking Minor version
configure:3101: result: 8
configure:3103: checking Point version
configure:3105: result: 7
configure:3307: checking whether we are using MPI
configure:3309: result: yes
configure:3327: checking whether we are using MPI I/O
configure:3329: result: yes
configure:3347: checking whether we are using MPI_Init_thread
configure:3349: result: yes
configure:3434: checking for mpirun
configure:3450: found /home/lukasg/mpi/bin/mpirun
configure:3461: result: mpirun
configure:3489:                              CC set to mpicc
configure:3544: checking whether make supports the include directive
configure:3559: make -f confmf.GNU && cat confinc.out
this is the am__doit target
configure:3562: $? = 0
configure:3581: result: yes (GNU style)
configure:3651: checking for gcc
configure:3678: result: mpicc
configure:3907: checking for C compiler version
configure:3916: mpicc --version >&5
gcc (GCC) 8.5.0 20210514 (Red Hat 8.5.0-26)
Copyright (C) 2018 Free Software Foundation, Inc.
This is free software; see the source for copying conditions.  There is NO
warranty; not even for MERCHANTABILITY or FITNESS FOR A PARTICULAR PURPOSE.

configure:3927: $? = 0
configure:3916: mpicc -v >&5
mpicc for MPICH version 4.3.0
Using built-in specs.
COLLECT_GCC=gcc
COLLECT_LTO_WRAPPER=/usr/libexec/gcc/x86_64-redhat-linux/8/lto-wrapper
OFFLOAD_TARGET_NAMES=nvptx-none
OFFLOAD_TARGET_DEFAULT=1
Target: x86_64-redhat-linux
Configured with: ../configure --enable-bootstrap --enable-languages=c,c++,fortran,lto --prefix=/usr --mandir=/usr/share/man --infodir=/usr/share/info --with-bugurl=http://bugzilla.redhat.com/bugzilla --enable-shared --enable-threads=posix --enable-checking=release --enable-multilib --with-system-zlib --enable-__cxa_atexit --disable-libunwind-exceptions --enable-gnu-unique-object --enable-linker-build-id --with-gcc-major-version-only --with-linker-hash-style=gnu --enable-plugin --enable-initfini-array --with-isl --disable-libmpx --enable-offload-targets=nvptx-none --without-cuda-driver --enable-gnu-indirect-function --enable-cet --with-tune=generic --with-arch_32=x86-64 --build=x86_64-redhat-linux
Thread model: posix
gcc version 8.5.0 20210514 (Red Hat 8.5.0-26) (GCC) 
configure:3927: $? = 0
configure:3916: mpicc -V >&5
gcc: error: unrecognized command line option '-V'
configure:3927: $? = 1
configure:3916: mpicc -qversion >&5
gcc: error: unrecognized command line option '-qversion'; did you mean '--version'?
configure:3927: $? = 1
configure:3947: checking whether the C compiler works
configure:3969: mpicc -g -O0   conftest.c  >&5
configure:3973: $? = 0
configure:4021: result: yes
configure:4024: checking for C compiler default output file name
configure:4026: result: a.out
configure:4032: checking for suffix of executables
configure:4039: mpicc -o conftest -g -O0   conftest.c  >&5
configure:4043: $? = 0
configure:4065: result: 
configure:4087: checking whether we are cross compiling
configure:4095: mpicc -o conftest -g -O0   conftest.c  >&5
configure:4099: $? = 0
configure:4106: ./conftest
configure:4110: $? = 0
configure:4125: result: no
configure:4130: checking for suffix of object files
configure:4152: mpicc -c -g -O0  conftest.c >&5
configure:4156: $? = 0
configure:4177: result: o
configure:4181: checking whether we are using the GNU C compiler
configure:4200: mpicc -c -g -O0  conftest.c >&5
configure:4200: $? = 0
configure:4209: result: yes
configure:4218: checking whether mpicc accepts -g
configure:4238: mpicc -c -g  conftest.c >&5
configure:4238: $? = 0
configure:4279: result: yes
configure:4296: checking for mpicc option to accept ISO C89
configure:4359: mpicc  -c -g -O0  conftest.c >&5
configure:4359: $? = 0
configure:4372: result: none needed
configure:4397: checking whether mpicc understands -c and -o together
configure:4419: mpicc -c conftest.c -o conftest2.o
configure:4422: $? = 0
configure:4419: mpicc -c conftest.c -o conftest2.o
configure:4422: $? = 0
configure:4434: result: yes
configure:4453: checking dependency style of mpicc
configure:4564: result: gcc3
configure:4586: checking whether mpicc and cc understand -c and -o together
configure:4617: mpicc -c conftest.c -o conftest2.o >&5
configure:4621: $? = 0
configure:4627: mpicc -c conftest.c -o conftest2.o >&5
configure:4631: $? = 0
configure:4642: cc -c conftest.c >&5
configure:4646: $? = 0
configure:4654: cc -c conftest.c -o conftest2.o >&5
configure:4658: $? = 0
configure:4664: cc -c conftest.c -o conftest2.o >&5
configure:4668: $? = 0
configure:4686: result: yes
configure:4701: checking compile/link for MPI C program
configure:4728: mpicc -o conftest -g -O0   conftest.c  >&5
configure:4728: $? = 0
configure:4729: result: successful
configure:4743: checking compile/link for MPI I/O C program
configure:4787: mpicc -o conftest -g -O0   conftest.c  >&5
configure:4787: $? = 0
configure:4788: result: successful
configure:4802: checking compile/link for MPI_Init_thread C program
configure:4822: mpicc -o conftest -g -O0   conftest.c  >&5
configure:4822: $? = 0
configure:4823: result: successful
configure:4838: checking compile/link for MPI_Aint_diff C program
configure:4861: mpicc -o conftest -g -O0   conftest.c  >&5
configure:4861: $? = 0
configure:4862: result: successful
configure:4882: checking compile/link for the MPI data type MPI_UNSIGNED_LONG_LONG
configure:4904: mpicc -o conftest -g -O0   conftest.c  >&5
configure:4904: $? = 0
configure:4905: result: successful
configure:4925: checking compile/link for the MPI data type MPI_SIGNED_CHAR
configure:4947: mpicc -o conftest -g -O0   conftest.c  >&5
configure:4947: $? = 0
configure:4948: result: successful
configure:4968: checking compile/link for the MPI data type MPI_INT8_T
configure:4990: mpicc -o conftest -g -O0   conftest.c  >&5
configure:4990: $? = 0
configure:4991: result: successful
configure:5011: checking compile/link for MPI_Win_allocate_shared C program
configure:5039: mpicc -o conftest -g -O0   conftest.c  >&5
configure:5039: $? = 0
configure:5040: result: successful
configure:5058: checking compile/link for MPI_COMM_TYPE_SHARED C program
configure:5079: mpicc -o conftest -g -O0   conftest.c  >&5
configure:5079: $? = 0
configure:5080: result: successful
configure:5096: checking whether we are using MPI 3 node shared memory
configure:5107: result: yes
configure:5170: checking for ar
configure:5186: found /usr/bin/ar
configure:5197: result: ar
configure:5223: checking the archiver (ar) interface
configure:5239: mpicc -c -g -O0  conftest.c >&5
configure:5239: $? = 0
configure:5241: ar cru libconftest.a conftest.o >&5
configure:5244: $? = 0
configure:5272: result: ar
configure:5321: checking build system type
configure:5335: result: x86_64-pc-linux-gnu
configure:5355: checking host system type
configure:5368: result: x86_64-pc-linux-gnu
configure:5409: checking how to print strings
configure:5436: result: printf
configure:5457: checking for a sed that does not truncate output
configure:5521: result: /usr/bin/sed
configure:5539: checking for grep that handles long lines and -e
configure:5597: result: /usr/bin/grep
configure:5602: checking for egrep
configure:5664: result: /usr/bin/grep -E
configure:5669: checking for fgrep
configure:5731: result: /usr/bin/grep -F
configure:5766: checking for ld used by mpicc
configure:5833: result: /usr/bin/ld
configure:5840: checking if the linker (/usr/bin/ld) is GNU ld
configure:5855: result: yes
configure:5867: checking for BSD- or MS-compatible name lister (nm)
configure:5921: result: /usr/bin/nm -B
configure:6051: checking the name lister (/usr/bin/nm -B) interface
configure:6058: mpicc -c -g -O0  conftest.c >&5
configure:6061: /usr/bin/nm -B "conftest.o"
configure:6064: output
0000000000000000 B some_variable
configure:6071: result: BSD nm
configure:6074: checking whether ln -s works
configure:6078: result: yes
configure:6086: checking the maximum length of command line arguments
configure:6217: result: 1572864
configure:6265: checking how to convert x86_64-pc-linux-gnu file names to x86_64-pc-linux-gnu format
configure:6305: result: func_convert_file_noop
configure:6312: checking how to convert x86_64-pc-linux-gnu file names to toolchain format
configure:6332: result: func_convert_file_noop
configure:6339: checking for /usr/bin/ld option to reload object files
configure:6346: result: -r
configure:6420: checking for objdump
configure:6436: found /usr/bin/objdump
configure:6447: result: objdump
configure:6479: checking how to recognize dependent libraries
configure:6679: result: pass_all
configure:6764: checking for dlltool
configure:6794: result: no
configure:6824: checking how to associate runtime and link libraries
configure:6851: result: printf %s\n
configure:6975: checking for archiver @FILE support
configure:6992: mpicc -c -g -O0  conftest.c >&5
configure:6992: $? = 0
configure:6995: ar cru libconftest.a @conftest.lst >&5
configure:6998: $? = 0
configure:7003: ar cru libconftest.a @conftest.lst >&5
ar: conftest.o: No such file or directory
configure:7006: $? = 1
configure:7018: result: @
configure:7076: checking for strip
configure:7092: found /usr/bin/strip
configure:7103: result: strip
configure:7175: checking for ranlib
configure:7191: found /usr/bin/ranlib
configure:7202: result: ranlib
configure:7304: checking command to parse /usr/bin/nm -B output from mpicc object
configure:7457: mpicc -c -g -O0  conftest.c >&5
configure:7460: $? = 0
configure:7464: /usr/bin/nm -B conftest.o \| sed -n -e 's/^.*[ ]\([ABCDGIRSTW][ABCDGIRSTW]*\)[ ][ ]*\([_A-Za-z][_A-Za-z0-9]*\)$/\1 \2 \2/p' | sed '/ __gnu_lto/d' \> conftest.nm
configure:7467: $? = 0
configure:7533: mpicc -o conftest -g -O0   conftest.c conftstm.o >&5
configure:7536: $? = 0
configure:7574: result: ok
configure:7621: checking for sysroot
configure:7651: result: no
configure:7658: checking for a working dd
configure:7696: result: /usr/bin/dd
configure:7700: checking how to truncate binary pipes
configure:7715: result: /usr/bin/dd bs=4096 count=1
configure:7851: mpicc -c -g -O0  conftest.c >&5
configure:7854: $? = 0
configure:8044: checking for mt
configure:8074: result: no
configure:8094: checking if : is a manifest tool
configure:8100: : '-?'
configure:8108: result: no
configure:8785: checking how to run the C preprocessor
configure:8816: mpicc -E  conftest.c
configure:8816: $? = 0
configure:8830: mpicc -E  conftest.c
conftest.c:34:10: fatal error: ac_nonexistent.h: No such file or directory
 #include <ac_nonexistent.h>
          ^~~~~~~~~~~~~~~~~~
compilation terminated.
configure:8830: $? = 1
configure: failed program was:
| /* confdefs.h */
| #define PACKAGE_NAME "libsc"
| #define PACKAGE_TARNAME "libsc"
| #define PACKAGE_VERSION "2.8.7"
| #define PACKAGE_STRING "libsc 2.8.7"
| #define PACKAGE_BUGREPORT "p4est@ins.uni-bonn.de"
| #define PACKAGE_URL ""
| #define PACKAGE "libsc"
| #define VERSION "2.8.7"
| #define VERSION_MAJOR 2
| #define VERSION_MINOR 8
| #define VERSION_POINT 7
| #define DEBUG 1
| #define ENABLE_DEBUG 1
| #define USE_REALLOC 1
| #define ENABLE_USE_REALLOC 1
| #define USE_COUNTERS 1
| #define ENABLE_USE_COUNTERS 1
| #define FILE_CHECKS 1
| #define ENABLE_FILE_CHECKS 1
| #define MPI 1
| #define ENABLE_MPI 1
| #define MPIIO 1
| #define ENABLE_MPIIO 1
| #define ENABLE_MPITHREAD 1
| #define HAVE_AINT_DIFF 1
| #define HAVE_MPI_UNSIGNED_LONG_LONG 1
| #define HAVE_MPI_SIGNED_CHAR 1
| #define HAVE_MPI_INT8_T 1
| #define ENABLE_MPIWINSHARED 1
| #define ENABLE_MPICOMMSHARED 1
| #define ENABLE_MPISHARED 1
| /* end confdefs.h.  */
| #include <ac_nonexistent.h>
configure:8855: result: mpicc -E
configure:8875: mpicc -E  conftest.c
configure:8875: $? = 0
configure:8889: mpicc -E  conftest.c
conftest.c:34:10: fatal error: ac_nonexistent.h: No such file or directory
 #include <ac_nonexistent.h>
          ^~~~~~~~~~~~~~~~~~
compilation terminated.
configure:8889: $? = 1
configure: failed program was:
| /* confdefs.h */
| #define PACKAGE_NAME "libsc"
| #define PACKAGE_TARNAME "libsc"
| #define PACKAGE_VERSION "2.8.7"
| #define PACKAGE_STRING "libsc 2.8.7"
| #define PACKAGE_BUGREPORT "p4est@ins.uni-bonn.de"
| #define PACKAGE_URL ""
| #define PACKAGE "libsc"
| #define VERSION "2.8.7"
| #define VERSION_MAJOR 2
| #define VERSION_MINOR 8
| #define VERSION_POINT 7
| #define DEBUG 1
| #define ENABLE_DEBUG 1
| #define USE_REALLOC 1
| #define ENABLE_USE_REALLOC 1
| #define USE_COUNTERS 1
| #define ENABLE_USE_COUNTERS 1
| #define FILE_CHECKS 1
| #define ENABLE_FILE_CHECKS 1
| #define MPI 1
| #define ENABLE_MPI 1
| #define MPIIO 1
| #define ENABLE_MPIIO 1
| #define ENABLE_MPITHREAD 1
| #define HAVE_AINT_DIFF 1
| #define HAVE_MPI_UNSIGNED_LONG_LONG 1
| #define HAVE_MPI_SIGNED_CHAR 1
| #define HAVE_MPI_INT8_T 1
| #define ENABLE_MPIWINSHARED 1
| #define ENABLE_MPICOMMSHARED 1
| #define ENABLE_MPISHARED 1
| /* end confdefs.h.  */
| #include <ac_nonexistent.h>
configure:8918: checking for ANSI C header files
configure:8938: mpicc -c -g -O0  conftest.c >&5
configure:8938: $? = 0
configure:9011: mpicc -o conftest -g -O0   conftest.c  >&5
configure:9011: $? = 0
configure:9011: ./conftest
configure:9011: $? = 0
configure:9022: result: yes
configure:9035: checking for sys/types.h
configure:9035: mpicc -c -g -O0  conftest.c >&5
configure:9035: $? = 0
configure:9035: result: yes
configure:9035: checking for sys/stat.h
configure:9035: mpicc -c -g -O0  conftest.c >&5
configure:9035: $? = 0
configure:9035: result: yes
configure:9035: checking for stdlib.h
configure:9035: mpicc -c -g -O0  conftest.c >&5
configure:9035: $? = 0
configure:9035: result: yes
configure:9035: checking for string.h
configure:9035: mpicc -c -g -O0  conftest.c >&5
configure:9035: $? = 0
configure:9035: result: yes
configure:9035: checking for memory.h
configure:9035: mpicc -c -g -O0  conftest.c >&5
configure:9035: $? = 0
configure:9035: result: yes
configure:9035: checking for strings.h
configure:9035: mpicc -c -g -O0  conftest.c >&5
configure:9035: $? = 0
configure:9035: result: yes
configure:9035: checking for inttypes.h
configure:9035: mpicc -c -g -O0  conftest.c >&5
configure:9035: $? = 0
configure:9035: result: yes
configure:9035: checking for stdint.h
configure:9035: mpicc -c -g -O0  conftest.c >&5
configure:9035: $? = 0
configure:9035: result: yes
configure:9035: checking for unistd.h
configure:9035: mpicc -c -g -O0  conftest.c >&5
configure:9035: $? = 0
configure:9035: result: yes
configure:9049: checking for dlfcn.h
configure:9049: mpicc -c -g -O0  conftest.c >&5
configure:9049: $? = 0
configure:9049: result: yes
configure:9305: checking for objdir
configure:9320: result: .libs
configure:9584: checking if mpicc supports -fno-rtti -fno-exceptions
configure:9602: mpicc -c -g -O0  -fno-rtti -fno-exceptions conftest.c >&5
cc1: warning: command line option '-fno-rtti' is valid for C++/ObjC++ but not for C
configure:9606: $? = 0
configure:9619: result: no
configure:9977: checking for mpicc option to produce PIC
configure:9984: result: -fPIC -DPIC
configure:9992: checking if mpicc PIC flag -fPIC -DPIC works
configure:10010: mpicc -c -g -O0  -fPIC -DPIC -DPIC conftest.c >&5
configure:10014: $? = 0
configure:10027: result: yes
configure:10056: checking if mpicc static flag -static works
configure:10084: result: no
configure:10099: checking if mpicc supports -c -o file.o
configure:10120: mpicc -c -g -O0  -o out/conftest2.o conftest.c >&5
configure:10124: $? = 0
configure:10146: result: yes
configure:10154: checking if mpicc supports -c -o file.o
configure:10201: result: yes
configure:10234: checking whether the mpicc linker (/usr/bin/ld -m elf_x86_64) supports shared libraries
configure:11493: result: yes
configure:11530: checking whether -lc should be explicitly linked in
configure:11538: mpicc -c -g -O0  conftest.c >&5
configure:11541: $? = 0
configure:11556: mpicc -shared  -fPIC -DPIC conftest.o  -v -Wl,-soname -Wl,conftest -o conftest 2\>\&1 \| /usr/bin/grep  -lc  \>/dev/null 2\>\&1
configure:11559: $? = 0
configure:11573: result: no
configure:11733: checking dynamic linker characteristics
configure:12314: mpicc -o conftest -g -O0   -Wl,-rpath -Wl,/foo conftest.c  >&5
configure:12314: $? = 0
configure:12554: result: GNU/Linux ld.so
configure:12676: checking how to hardcode library paths into programs
configure:12701: result: immediate
configure:13249: checking whether stripping libraries is possible
configure:13254: result: yes
configure:13289: checking if libtool supports shared libraries
configure:13291: result: yes
configure:13294: checking whether to build shared libraries
configure:13319: result: yes
configure:13322: checking whether to build static libraries
configure:13326: result: yes
configure:13368: checking for an ANSI C-conforming const
configure:13434: mpicc -c -g -O0  conftest.c >&5
configure:13434: $? = 0
configure:13441: result: yes
configure:13449: checking for inline
configure:13465: mpicc -c -g -O0  conftest.c >&5
configure:13465: $? = 0
configure:13473: result: inline
configure:13491: checking for C/C++ restrict keyword
configure:13516: mpicc -c -g -O0  conftest.c >&5
configure:13516: $? = 0
configure:13524: result: __restrict
configure:13537: checking for size_t
configure:13537: mpicc -c -g -O0  conftest.c >&5
configure:13537: $? = 0
configure:13537: mpicc -c -g -O0  conftest.c >&5
conftest.c: In function 'main':
conftest.c:83:21: error: expected expression before ')' token
 if (sizeof ((size_t)))
                     ^
configure:13537: $? = 1
configure: failed program was:
| /* confdefs.h */
| #define PACKAGE_NAME "libsc"
| #define PACKAGE_TARNAME "libsc"
| #define PACKAGE_VERSION "2.8.7"
| #define PACKAGE_STRING "libsc 2.8.7"
| #define PACKAGE_BUGREPORT "p4est@ins.uni-bonn.de"
| #define PACKAGE_URL ""
| #define PACKAGE "libsc"
| #define VERSION "2.8.7"
| #define VERSION_MAJOR 2
| #define VERSION_MINOR 8
| #define VERSION_POINT 7
| #define DEBUG 1
| #define ENABLE_DEBUG 1
| #define USE_REALLOC 1
| #define ENABLE_USE_REALLOC 1
| #define USE_COUNTERS 1
| #define ENABLE_USE_COUNTERS 1
| #define FILE_CHECKS 1
| #define ENABLE_FILE_CHECKS 1
| #define MPI 1
| #define ENABLE_MPI 1
| #define MPIIO 1
| #define ENABLE_MPIIO 1
| #define ENABLE_MPITHREAD 1
| #define HAVE_AINT_DIFF 1
| #define HAVE_MPI_UNSIGNED_LONG_LONG 1
| #define HAVE_MPI_SIGNED_CHAR 1
| #define HAVE_MPI_INT8_T 1
| #define ENABLE_MPIWINSHARED 1
| #define ENABLE_MPICOMMSHARED 1
| #define ENABLE_MPISHARED 1
| #define STDC_HEADERS 1
| #define HAVE_SYS_TYPES_H 1
| #define HAVE_SYS_STAT_H 1
| #define HAVE_STDLIB_H 1
| #define HAVE_STRING_H 1
| #define HAVE_MEMORY_H 1
| #define HAVE_STRINGS_H 1
| #define HAVE_INTTYPES_H 1
| #define HAVE_STDINT_H 1
| #define HAVE_UNISTD_H 1
| #define HAVE_DLFCN_H 1
| #define LT_OBJDIR ".libs/"
| #define restrict __restrict
| /* end confdefs.h.  */
| #include <stdio.h>
| #ifdef HAVE_SYS_TYPES_H
| # include <sys/types.h>
| #endif
| #ifdef HAVE_SYS_STAT_H
| # include <sys/stat.h>
| #endif
| #ifdef STDC_HEADERS
| # include <stdlib.h>
| # include <stddef.h>
| #else
| # ifdef HAVE_STDLIB_H
| #  include <stdlib.h>
| # endif
| #endif
| #ifdef HAVE_STRING_H
| # if !defined STDC_HEADERS && defined HAVE_MEMORY_H
| #  include <memory.h>
| # endif
| # include <string.h>
| #endif
| #ifdef HAVE_STRINGS_H
| # include <strings.h>
| #endif
| #ifdef HAVE_INTTYPES_H
| # include <inttypes.h>
| #endif
| #ifdef HAVE_STDINT_H
| # include <stdint.h>
| #endif
| #ifdef HAVE_UNISTD_H
| # include <unistd.h>
| #endif
| int
| main ()
| {
| if (sizeof ((size_t)))
| 	    return 0;
|   ;
|   return 0;
| }
configure:13537: result: yes
configure:13548: checking for ssize_t
configure:13548: mpicc -c -g -O0  conftest.c >&5
configure:13548: $? = 0
configure:13548: mpicc -c -g -O0  conftest.c >&5
conftest.c: In function 'main':
conftest.c:83:22: error: expected expression before ')' token
 if (sizeof ((ssize_t)))
                      ^
configure:13548: $? = 1
configure: failed program was:
| /* confdefs.h */
| #define PACKAGE_NAME "libsc"
| #define PACKAGE_TARNAME "libsc"
| #define PACKAGE_VERSION "2.8.7"
| #define PACKAGE_STRING "libsc 2.8.7"
| #define PACKAGE_BUGREPORT "p4est@ins.uni-bonn.de"
| #define PACKAGE_URL ""
| #define PACKAGE "libsc"
| #define VERSION "2.8.7"
| #define VERSION_MAJOR 2
| #define VERSION_MINOR 8
| #define VERSION_POINT 7
| #define DEBUG 1
| #define ENABLE_DEBUG 1
| #define USE_REALLOC 1
| #define ENABLE_USE_REALLOC 1
| #define USE_COUNTERS 1
| #define ENABLE_USE_COUNTERS 1
| #define FILE_CHECKS 1
| #define ENABLE_FILE_CHECKS 1
| #define MPI 1
| #define ENABLE_MPI 1
| #define MPIIO 1
| #define ENABLE_MPIIO 1
| #define ENABLE_MPITHREAD 1
| #define HAVE_AINT_DIFF 1
| #define HAVE_MPI_UNSIGNED_LONG_LONG 1
| #define HAVE_MPI_SIGNED_CHAR 1
| #define HAVE_MPI_INT8_T 1
| #define ENABLE_MPIWINSHARED 1
| #define ENABLE_MPICOMMSHARED 1
| #define ENABLE_MPISHARED 1
| #define STDC_HEADERS 1
| #define HAVE_SYS_TYPES_H 1
| #define HAVE_SYS_STAT_H 1
| #define HAVE_STDLIB_H 1
| #define HAVE_STRING_H 1
| #define HAVE_MEMORY_H 1
| #define HAVE_STRINGS_H 1
| #define HAVE_INTTYPES_H 1
| #define HAVE_STDINT_H 1
| #define HAVE_UNISTD_H 1
| #define HAVE_DLFCN_H 1
| #define LT_OBJDIR ".libs/"
| #define restrict __restrict
| /* end confdefs.h.  */
| #include <stdio.h>
| #ifdef HAVE_SYS_TYPES_H
| # include <sys/types.h>
| #endif
| #ifdef HAVE_SYS_STAT_H
| # include <sys/stat.h>
| #endif
| #ifdef STDC_HEADERS
| # include <stdlib.h>
| # include <stddef.h>
| #else
| # ifdef HAVE_STDLIB_H
| #  include <stdlib.h>
| # endif
| #endif
| #ifdef HAVE_STRING_H
| # if !defined STDC_HEADERS && defined HAVE_MEMORY_H
| #  include <memory.h>
| # endif
| # include <string.h>
| #endif
| #ifdef HAVE_STRINGS_H
| # include <strings.h>
| #endif
| #ifdef HAVE_INTTYPES_H
| # include <inttypes.h>
| #endif
| #ifdef HAVE_STDINT_H
| # include <stdint.h>
| #endif
| #ifdef HAVE_UNISTD_H
| # include <unistd.h>
| #endif
| int
| main ()
| {
| if (sizeof ((ssize_t)))
| 	    return 0;
|   ;
|   return 0;
| }
configure:13548: result: yes
configure:13567: checking fcntl.h usability
configure:13567: mpicc -c -g -O0  conftest.c >&5
configure:13567: $? = 0
configure:13567: result: yes
configure:13567: checking fcntl.h presence
configure:13567: mpicc -E  conftest.c
configure:13567: $? = 0
configure:13567: result: yes
configure:13567: checking for fcntl.h
configure:13567: result: yes
configure:13567: checking sys/ioctl.h usability
configure:13567: mpicc -c -g -O0  conftest.c >&5
configure:13567: $? = 0
configure:13567: result: yes
configure:13567: checking sys/ioctl.h presence
configure:13567: mpicc -E  conftest.c
configure:13567: $? = 0
configure:13567: result: yes
configure:13567: checking for sys/ioctl.h
configure:13567: result: yes
configure:13567: checking sys/select.h usability
configure:13567: mpicc -c -g -O0  conftest.c >&5
configure:13567: $? = 0
configure:13567: result: yes
configure:13567: checking sys/select.h presence
configure:13567: mpicc -E  conftest.c
configure:13567: $? = 0
configure:13567: result: yes
configure:13567: checking for sys/select.h
configure:13567: result: yes
configure:13567: checking for sys/stat.h
configure:13567: result: yes
configure:13580: checking execinfo.h usability
configure:13580: mpicc -c -g -O0  conftest.c >&5
configure:13580: $? = 0
configure:13580: result: yes
configure:13580: checking execinfo.h presence
configure:13580: mpicc -E  conftest.c
configure:13580: $? = 0
configure:13580: result: yes
configure:13580: checking for execinfo.h
configure:13580: result: yes
configure:13580: checking signal.h usability
configure:13580: mpicc -c -g -O0  conftest.c >&5
configure:13580: $? = 0
configure:13580: result: yes
configure:13580: checking signal.h presence
configure:13580: mpicc -E  conftest.c
configure:13580: $? = 0
configure:13580: result: yes
configure:13580: checking for signal.h
configure:13580: result: yes
configure:13580: checking libgen.h usability
configure:13580: mpicc -c -g -O0  conftest.c >&5
configure:13580: $? = 0
configure:13580: result: yes
configure:13580: checking libgen.h presence
configure:13580: mpicc -E  conftest.c
configure:13580: $? = 0
configure:13580: result: yes
configure:13580: checking for libgen.h
configure:13580: result: yes
configure:13580: checking time.h usability
configure:13580: mpicc -c -g -O0  conftest.c >&5
configure:13580: $? = 0
configure:13580: result: yes
configure:13580: checking time.h presence
configure:13580: mpicc -E  conftest.c
configure:13580: $? = 0
configure:13580: result: yes
configure:13580: checking for time.h
configure:13580: result: yes
configure:13580: checking sys/time.h usability
configure:13580: mpicc -c -g -O0  conftest.c >&5
configure:13580: $? = 0
configure:13580: result: yes
configure:13580: checking sys/time.h presence
configure:13580: mpicc -E  conftest.c
configure:13580: $? = 0
configure:13580: result: yes
configure:13580: checking for sys/time.h
configure:13580: result: yes
configure:13593: checking linux/version.h usability
configure:13593: mpicc -c -g -O0  conftest.c >&5
configure:13593: $? = 0
configure:13593: result: yes
configure:13593: checking linux/version.h presence
configure:13593: mpicc -E  conftest.c
configure:13593: $? = 0
configure:13593: result: yes
configure:13593: checking for linux/version.h
configure:13593: result: yes
configure:13593: checking linux/videodev2.h usability
configure:13593: mpicc -c -g -O0  conftest.c >&5
configure:13593: $? = 0
configure:13593: result: yes
configure:13593: checking linux/videodev2.h presence
configure:13593: mpicc -E  conftest.c
configure:13593: $? = 0
configure:13593: result: yes
configure:13593: checking for linux/videodev2.h
configure:13593: result: yes
configure:13611: checking for backtrace
configure:13611: mpicc -o conftest -g -O0   conftest.c  >&5
configure:13611: $? = 0
configure:13611: result: yes
configure:13611: checking for backtrace_symbols
configure:13611: mpicc -o conftest -g -O0   conftest.c  >&5
configure:13611: $? = 0
configure:13611: result: yes
configure:13623: checking for basename
configure:13623: mpicc -o conftest -g -O0   conftest.c  >&5
configure:13623: $? = 0
configure:13623: result: yes
configure:13623: checking for dirname
configure:13623: mpicc -o conftest -g -O0   conftest.c  >&5
configure:13623: $? = 0
configure:13623: result: yes
configure:13635: checking for strtol
configure:13635: mpicc -o conftest -g -O0   conftest.c  >&5
configure:13635: $? = 0
configure:13635: result: yes
configure:13635: checking for strtoll
configure:13635: mpicc -o conftest -g -O0   conftest.c  >&5
configure:13635: $? = 0
configure:13635: result: yes
configure:13635: checking for strtok_r
configure:13635: mpicc -o conftest -g -O0   conftest.c  >&5
configure:13635: $? = 0
configure:13635: result: yes
configure:13646: checking for fsync
configure:13646: mpicc -o conftest -g -O0   conftest.c  >&5
configure:13646: $? = 0
configure:13646: result: yes
configure:13657: checking for qsort_r
configure:13657: mpicc -o conftest -g -O0   conftest.c  >&5
configure:13657: $? = 0
configure:13657: result: yes
configure:13668: checking for gettimeofday
configure:13668: mpicc -o conftest -g -O0   conftest.c  >&5
configure:13668: $? = 0
configure:13668: result: yes
configure:13688: checking for dot
configure:13704: found /usr/bin/dot
configure:13716: result: YES
configure:13726: checking for library containing sqrt
configure:13759: mpicc -o conftest -g -O0   conftest.c  >&5
/usr/bin/ld: /tmp/ccedaXLe.o: undefined reference to symbol 'sqrt@@GLIBC_2.2.5'
//usr/lib64/libm.so.6: error adding symbols: DSO missing from command line
collect2: error: ld returned 1 exit status
configure:13759: $? = 1
configure: failed program was:
| /* confdefs.h */
| #define PACKAGE_NAME "libsc"
| #define PACKAGE_TARNAME "libsc"
| #define PACKAGE_VERSION "2.8.7"
| #define PACKAGE_STRING "libsc 2.8.7"
| #define PACKAGE_BUGREPORT "p4est@ins.uni-bonn.de"
| #define PACKAGE_URL ""
| #define PACKAGE "libsc"
| #define VERSION "2.8.7"
| #define VERSION_MAJOR 2
| #define VERSION_MINOR 8
| #define VERSION_POINT 7
| #define DEBUG 1
| #define ENABLE_DEBUG 1
| #define USE_REALLOC 1
| #define ENABLE_USE_REALLOC 1
| #define USE_COUNTERS 1
| #define ENABLE_USE_COUNTERS 1
| #define FILE_CHECKS 1
| #define ENABLE_FILE_CHECKS 1
| #define MPI 1
| #define ENABLE_MPI 1
| #define MPIIO 1
| #define ENABLE_MPIIO 1
| #define ENABLE_MPITHREAD 1
| #define HAVE_AINT_DIFF 1
| #define HAVE_MPI_UNSIGNED_LONG_LONG 1
| #define HAVE_MPI_SIGNED_CHAR 1
| #define HAVE_MPI_INT8_T 1
| #define ENABLE_MPIWINSHARED 1
| #define ENABLE_MPICOMMSHARED 1
| #define ENABLE_MPISHARED 1
| #define STDC_HEADERS 1
| #define HAVE_SYS_TYPES_H 1
| #define HAVE_SYS_STAT_H 1
| #define HAVE_STDLIB_H 1
| #define HAVE_STRING_H 1
| #define HAVE_MEMORY_H 1
| #define HAVE_STRINGS_H 1
| #define HAVE_INTTYPES_H 1
| #define HAVE_STDINT_H 1
| #define HAVE_UNISTD_H 1
| #define HAVE_DLFCN_H 1
| #define LT_OBJDIR ".libs/"
| #define restrict __restrict
| #define HAVE_FCNTL_H 1
| #define HAVE_SYS_IOCTL_H 1
| #define HAVE_SYS_SELECT_H 1
| #define HAVE_SYS_STAT_H 1
| #define HAVE_EXECINFO_H 1
| #define HAVE_SIGNAL_H 1
| #define HAVE_LIBGEN_H 1
| #define HAVE_TIME_H 1
| #define HAVE_SYS_TIME_H 1
| #define HAVE_LINUX_VERSION_H 1
| #define HAVE_LINUX_VIDEODEV2_H 1
| #define HAVE_BACKTRACE 1
| #define HAVE_BACKTRACE_SYMBOLS 1
| #define HAVE_BASENAME 1
| #define HAVE_DIRNAME 1
| #define HAVE_STRTOL 1
| #define HAVE_STRTOLL 1
| #define HAVE_STRTOK_R 1
| #define HAVE_FSYNC 1
| #define HAVE_QSORT_R 1
| #define HAVE_GETTIMEOFDAY 1
| #define USING_AUTOCONF 1
| /* end confdefs.h.  */
| 
| /* provoke side effect to inhibit compiler optimization */
| #include <math.h>
| #include <stdio.h>
| 
| int
| main ()
| {
| 
| /* make this so complex that the compiler cannot predict the result */
| double a = 3.14149;
| for (; sqrt (a) < a; a *= 1.000023) { putc ('1', stdout); }
| 
|   ;
|   return 0;
| }
configure:13759: mpicc -o conftest -g -O0   conftest.c -lm   >&5
configure:13759: $? = 0
configure:13776: result: -lm
configure:13791: checking for library containing adler32_combine
configure:13820: mpicc -o conftest -g -O0   conftest.c -lm  >&5
/tmp/cc7WwOuk.o: In function `main':
/home/lukasg/p4est_playground/p4est/build0/sc/conftest.c:77: undefined reference to `adler32_combine'
collect2: error: ld returned 1 exit status
configure:13820: $? = 1
configure: failed program was:
| /* confdefs.h */
| #define PACKAGE_NAME "libsc"
| #define PACKAGE_TARNAME "libsc"
| #define PACKAGE_VERSION "2.8.7"
| #define PACKAGE_STRING "libsc 2.8.7"
| #define PACKAGE_BUGREPORT "p4est@ins.uni-bonn.de"
| #define PACKAGE_URL ""
| #define PACKAGE "libsc"
| #define VERSION "2.8.7"
| #define VERSION_MAJOR 2
| #define VERSION_MINOR 8
| #define VERSION_POINT 7
| #define DEBUG 1
| #define ENABLE_DEBUG 1
| #define USE_REALLOC 1
| #define ENABLE_USE_REALLOC 1
| #define USE_COUNTERS 1
| #define ENABLE_USE_COUNTERS 1
| #define FILE_CHECKS 1
| #define ENABLE_FILE_CHECKS 1
| #define MPI 1
| #define ENABLE_MPI 1
| #define MPIIO 1
| #define ENABLE_MPIIO 1
| #define ENABLE_MPITHREAD 1
| #define HAVE_AINT_DIFF 1
| #define HAVE_MPI_UNSIGNED_LONG_LONG 1
| #define HAVE_MPI_SIGNED_CHAR 1
| #define HAVE_MPI_INT8_T 1
| #define ENABLE_MPIWINSHARED 1
| #define ENABLE_MPICOMMSHARED 1
| #define ENABLE_MPISHARED 1
| #define STDC_HEADERS 1
| #define HAVE_SYS_TYPES_H 1
| #define HAVE_SYS_STAT_H 1
| #define HAVE_STDLIB_H 1
| #define HAVE_STRING_H 1
| #define HAVE_MEMORY_H 1
| #define HAVE_STRINGS_H 1
| #define HAVE_INTTYPES_H 1
| #define HAVE_STDINT_H 1
| #define HAVE_UNISTD_H 1
| #define HAVE_DLFCN_H 1
| #define LT_OBJDIR ".libs/"
| #define restrict __restrict
| #define HAVE_FCNTL_H 1
| #define HAVE_SYS_IOCTL_H 1
| #define HAVE_SYS_SELECT_H 1
| #define HAVE_SYS_STAT_H 1
| #define HAVE_EXECINFO_H 1
| #define HAVE_SIGNAL_H 1
| #define HAVE_LIBGEN_H 1
| #define HAVE_TIME_H 1
| #define HAVE_SYS_TIME_H 1
| #define HAVE_LINUX_VERSION_H 1
| #define HAVE_LINUX_VIDEODEV2_H 1
| #define HAVE_BACKTRACE 1
| #define HAVE_BACKTRACE_SYMBOLS 1
| #define HAVE_BASENAME 1
| #define HAVE_DIRNAME 1
| #define HAVE_STRTOL 1
| #define HAVE_STRTOLL 1
| #define HAVE_STRTOK_R 1
| #define HAVE_FSYNC 1
| #define HAVE_QSORT_R 1
| #define HAVE_GETTIMEOFDAY 1
| #define USING_AUTOCONF 1
| #define HAVE_MATH 1
| /* end confdefs.h.  */
| #include <zlib.h>
| int
| main ()
| {
| 
| z_off_t len = 3000;
| uLong a = 1, b = 2;
| if (a == adler32_combine (a, b, len)) {;}
| 
|   ;
|   return 0;
| }
configure:13820: mpicc -o conftest -g -O0   conftest.c -lz  -lm  >&5
configure:13820: $? = 0
configure:13837: result: -lz
configure:13853: checking for library containing json_integer
configure:13882: mpicc -o conftest -g -O0   conftest.c -lz -lm  >&5
conftest.c:71:10: fatal error: jansson.h: No such file or directory
 #include <jansson.h>
          ^~~~~~~~~~~
compilation terminated.
configure:13882: $? = 1
configure: failed program was:
| /* confdefs.h */
| #define PACKAGE_NAME "libsc"
| #define PACKAGE_TARNAME "libsc"
| #define PACKAGE_VERSION "2.8.7"
| #define PACKAGE_STRING "libsc 2.8.7"
| #define PACKAGE_BUGREPORT "p4est@ins.uni-bonn.de"
| #define PACKAGE_URL ""
| #define PACKAGE "libsc"
| #define VERSION "2.8.7"
| #define VERSION_MAJOR 2
| #define VERSION_MINOR 8
| #define VERSION_POINT 7
| #define DEBUG 1
| #define ENABLE_DEBUG 1
| #define USE_REALLOC 1
| #define ENABLE_USE_REALLOC 1
| #define USE_COUNTERS 1
| #define ENABLE_USE_COUNTERS 1
| #define FILE_CHECKS 1
| #define ENABLE_FILE_CHECKS 1
| #define MPI 1
| #define ENABLE_MPI 1
| #define MPIIO 1
| #define ENABLE_MPIIO 1
| #define ENABLE_MPITHREAD 1
| #define HAVE_AINT_DIFF 1
| #define HAVE_MPI_UNSIGNED_LONG_LONG 1
| #define HAVE_MPI_SIGNED_CHAR 1
| #define HAVE_MPI_INT8_T 1
| #define ENABLE_MPIWINSHARED 1
| #define ENABLE_MPICOMMSHARED 1
| #define ENABLE_MPISHARED 1
| #define STDC_HEADERS 1
| #define HAVE_SYS_TYPES_H 1
| #define HAVE_SYS_STAT_H 1
| #define HAVE_STDLIB_H 1
| #define HAVE_STRING_H 1
| #define HAVE_MEMORY_H 1
| #define HAVE_STRINGS_H 1
| #define HAVE_INTTYPES_H 1
| #define HAVE_STDINT_H 1
| #define HAVE_UNISTD_H 1
| #define HAVE_DLFCN_H 1
| #define LT_OBJDIR ".libs/"
| #define restrict __restrict
| #define HAVE_FCNTL_H 1
| #define HAVE_SYS_IOCTL_H 1
| #define HAVE_SYS_SELECT_H 1
| #define HAVE_SYS_STAT_H 1
| #define HAVE_EXECINFO_H 1
| #define HAVE_SIGNAL_H 1
| #define HAVE_LIBGEN_H 1
| #define HAVE_TIME_H 1
| #define HAVE_SYS_TIME_H 1
| #define HAVE_LINUX_VERSION_H 1
| #define HAVE_LINUX_VIDEODEV2_H 1
| #define HAVE_BACKTRACE 1
| #define HAVE_BACKTRACE_SYMBOLS 1
| #define HAVE_BASENAME 1
| #define HAVE_DIRNAME 1
| #define HAVE_STRTOL 1
| #define HAVE_STRTOLL 1
| #define HAVE_STRTOK_R 1
| #define HAVE_FSYNC 1
| #define HAVE_QSORT_R 1
| #define HAVE_GETTIMEOFDAY 1
| #define USING_AUTOCONF 1
| #define HAVE_MATH 1
| #define HAVE_ZLIB 1
| /* end confdefs.h.  */
| #include <jansson.h>
| int
| main ()
| {
| 
| json_t *jint, *jreal;
| if (jint == json_integer ((json_int_t) 15)) { json_decref (jint); }
| if (jreal == json_real (.5)) { json_decref (jreal); }
| 
|   ;
|   return 0;
| }
configure:13882: mpicc -o conftest -g -O0   conftest.c -ljansson  -lz -lm  >&5
conftest.c:71:10: fatal error: jansson.h: No such file or directory
 #include <jansson.h>
          ^~~~~~~~~~~
compilation terminated.
configure:13882: $? = 1
configure: failed program was:
| /* confdefs.h */
| #define PACKAGE_NAME "libsc"
| #define PACKAGE_TARNAME "libsc"
| #define PACKAGE_VERSION "2.8.7"
| #define PACKAGE_STRING "libsc 2.8.7"
| #define PACKAGE_BUGREPORT "p4est@ins.uni-bonn.de"
| #define PACKAGE_URL ""
| #define PACKAGE "libsc"
| #define VERSION "2.8.7"
| #define VERSION_MAJOR 2
| #define VERSION_MINOR 8
| #define VERSION_POINT 7
| #define DEBUG 1
| #define ENABLE_DEBUG 1
| #define USE_REALLOC 1
| #define ENABLE_USE_REALLOC 1
| #define USE_COUNTERS 1
| #define ENABLE_USE_COUNTERS 1
| #define FILE_CHECKS 1
| #define ENABLE_FILE_CHECKS 1
| #define MPI 1
| #define ENABLE_MPI 1
| #define MPIIO 1
| #define ENABLE_MPIIO 1
| #define ENABLE_MPITHREAD 1
| #define HAVE_AINT_DIFF 1
| #define HAVE_MPI_UNSIGNED_LONG_LONG 1
| #define HAVE_MPI_SIGNED_CHAR 1
| #define HAVE_MPI_INT8_T 1
| #define ENABLE_MPIWINSHARED 1
| #define ENABLE_MPICOMMSHARED 1
| #define ENABLE_MPISHARED 1
| #define STDC_HEADERS 1
| #define HAVE_SYS_TYPES_H 1
| #define HAVE_SYS_STAT_H 1
| #define HAVE_STDLIB_H 1
| #define HAVE_STRING_H 1
| #define HAVE_MEMORY_H 1
| #define HAVE_STRINGS_H 1
| #define HAVE_INTTYPES_H 1
| #define HAVE_STDINT_H 1
| #define HAVE_UNISTD_H 1
| #define HAVE_DLFCN_H 1
| #define LT_OBJDIR ".libs/"
| #define restrict __restrict
| #define HAVE_FCNTL_H 1
| #define HAVE_SYS_IOCTL_H 1
| #define HAVE_SYS_SELECT_H 1
| #define HAVE_SYS_STAT_H 1
| #define HAVE_EXECINFO_H 1
| #define HAVE_SIGNAL_H 1
| #define HAVE_LIBGEN_H 1
| #define HAVE_TIME_H 1
| #define HAVE_SYS_TIME_H 1
| #define HAVE_LINUX_VERSION_H 1
| #define HAVE_LINUX_VIDEODEV2_H 1
| #define HAVE_BACKTRACE 1
| #define HAVE_BACKTRACE_SYMBOLS 1
| #define HAVE_BASENAME 1
| #define HAVE_DIRNAME 1
| #define HAVE_STRTOL 1
| #define HAVE_STRTOLL 1
| #define HAVE_STRTOK_R 1
| #define HAVE_FSYNC 1
| #define HAVE_QSORT_R 1
| #define HAVE_GETTIMEOFDAY 1
| #define USING_AUTOCONF 1
| #define HAVE_MATH 1
| #define HAVE_ZLIB 1
| /* end confdefs.h.  */
| #include <jansson.h>
| int
| main ()
| {
| 
| json_t *jint, *jreal;
| if (jint == json_integer ((json_int_t) 15)) { json_decref (jint); }
| if (jreal == json_real (.5)) { json_decref (jreal); }
| 
|   ;
|   return 0;
| }
configure:13899: result: no
configure:13917: checking for getopt
configure:13934: mpicc -o conftest -g -O0   conftest.c -lz -lm  >&5
configure:13934: $? = 0
configure:13935: result: successful
configure:13963: checking for POSIX threads
configure:14097: result: not used
configure:14106: checking for aligned_alloc
configure:14106: mpicc -o conftest -g -O0   conftest.c -lz -lm  >&5
conftest.c:94:6: warning: conflicting types for built-in function 'aligned_alloc' [-Wbuiltin-declaration-mismatch]
 char aligned_alloc ();
      ^~~~~~~~~~~~~
configure:14106: $? = 0
configure:14106: result: yes
configure:14106: checking for posix_memalign
configure:14106: mpicc -o conftest -g -O0   conftest.c -lz -lm  >&5
conftest.c:95:6: warning: conflicting types for built-in function 'posix_memalign' [-Wbuiltin-declaration-mismatch]
 char posix_memalign ();
      ^~~~~~~~~~~~~~
configure:14106: $? = 0
configure:14106: result: yes
configure:14116: checking for memory alignment option
configure:14160: result: 8
configure:14183: mpicc -o conftest -g -O0   conftest.c -lz -lm  >&5
configure:14183: $? = 0
configure:14211: mpicc -o conftest -g -O0   conftest.c -lz -lm  >&5
configure:14211: $? = 0
configure:14235: checking whether qsort_r conforms to GNU standard
configure:14271: mpicc -o conftest -g -O0   conftest.c -lz -lm  >&5
configure:14271: $? = 0
configure:14275: result: yes
configure:14284: checking whether qsort_r conforms to BSD standard
configure:14317: mpicc -o conftest -g -O0   conftest.c -lz -lm  >&5
conftest.c: In function 'main':
conftest.c:100:1: error: implicit declaration of function 'qsort_r'; did you mean 'qsort'? [-Werror=implicit-function-declaration]
 qsort_r (arr, 4, sizeof (int), p, comparator);
 ^~~~~~~
 qsort
cc1: some warnings being treated as errors
configure:14317: $? = 1
configure: failed program was:
| /* confdefs.h */
| #define PACKAGE_NAME "libsc"
| #define PACKAGE_TARNAME "libsc"
| #define PACKAGE_VERSION "2.8.7"
| #define PACKAGE_STRING "libsc 2.8.7"
| #define PACKAGE_BUGREPORT "p4est@ins.uni-bonn.de"
| #define PACKAGE_URL ""
| #define PACKAGE "libsc"
| #define VERSION "2.8.7"
| #define VERSION_MAJOR 2
| #define VERSION_MINOR 8
| #define VERSION_POINT 7
| #define DEBUG 1
| #define ENABLE_DEBUG 1
| #define USE_REALLOC 1
| #define ENABLE_USE_REALLOC 1
| #define USE_COUNTERS 1
| #define ENABLE_USE_COUNTERS 1
| #define FILE_CHECKS 1
| #define ENABLE_FILE_CHECKS 1
| #define MPI 1
| #define ENABLE_MPI 1
| #define MPIIO 1
| #define ENABLE_MPIIO 1
| #define ENABLE_MPITHREAD 1
| #define HAVE_AINT_DIFF 1
| #define HAVE_MPI_UNSIGNED_LONG_LONG 1
| #define HAVE_MPI_SIGNED_CHAR 1
| #define HAVE_MPI_INT8_T 1
| #define ENABLE_MPIWINSHARED 1
| #define ENABLE_MPICOMMSHARED 1
| #define ENABLE_MPISHARED 1
| #define STDC_HEADERS 1
| #define HAVE_SYS_TYPES_H 1
| #define HAVE_SYS_STAT_H 1
| #define HAVE_STDLIB_H 1
| #define HAVE_STRING_H 1
| #define HAVE_MEMORY_H 1
| #define HAVE_STRINGS_H 1
| #define HAVE_INTTYPES_H 1
| #define HAVE_STDINT_H 1
| #define HAVE_UNISTD_H 1
| #define HAVE_DLFCN_H 1
| #define LT_OBJDIR ".libs/"
| #define restrict __restrict
| #define HAVE_FCNTL_H 1
| #define HAVE_SYS_IOCTL_H 1
| #define HAVE_SYS_SELECT_H 1
| #define HAVE_SYS_STAT_H 1
| #define HAVE_EXECINFO_H 1
| #define HAVE_SIGNAL_H 1
| #define HAVE_LIBGEN_H 1
| #define HAVE_TIME_H 1
| #define HAVE_SYS_TIME_H 1
| #define HAVE_LINUX_VERSION_H 1
| #define HAVE_LINUX_VIDEODEV2_H 1
| #define HAVE_BACKTRACE 1
| #define HAVE_BACKTRACE_SYMBOLS 1
| #define HAVE_BASENAME 1
| #define HAVE_DIRNAME 1
| #define HAVE_STRTOL 1
| #define HAVE_STRTOLL 1
| #define HAVE_STRTOK_R 1
| #define HAVE_FSYNC 1
| #define HAVE_QSORT_R 1
| #define HAVE_GETTIMEOFDAY 1
| #define USING_AUTOCONF 1
| #define HAVE_MATH 1
| #define HAVE_ZLIB 1
| #define HAVE_ALIGNED_ALLOC 1
| #define HAVE_POSIX_MEMALIGN 1
| #define MEMALIGN 1
| #define ENABLE_MEMALIGN 1
| #define MEMALIGN_BYTES (8)
| #define HAVE_GNU_QSORT_R 1
| /* end confdefs.h.  */
| 
| #include <stdlib.h>
| #ifndef __cplusplus
| #pragma GCC diagnostic error "-Wimplicit-function-declaration"
| #pragma GCC diagnostic error "-Wincompatible-pointer-types"
| #endif
| static int
| comparator (void *arg, const void *aa, const void *bb)
| {
|   const int          *a = (int *) aa, *b = (int *) bb, *p = (int *) arg;
|   int                 cmp = *a - *b;
|   int                 inv_start = p[0], inv_end = p[1];
|   char                norm =
|     (*a < inv_start || *a > inv_end || *b < inv_start || *b > inv_end);
|   return norm ? -cmp : cmp;
| }
| 
| int
| main ()
| {
| 
| int                 arr[4] = { 4, 3, 2, 1 };
| int                 p[] = { 0, 5 };
| qsort_r (arr, 4, sizeof (int), p, comparator);
| 
|   ;
|   return 0;
| }
configure:14324: result: no
configure:14339: checking for sufficiently recent V4L2
configure:14396: mpicc -o conftest -g -O0   conftest.c -lz -lm  >&5
configure:14396: $? = 0
configure:14406: result: yes
configure:14554: checking that generated files are newer than configure
configure:14560: result: done
configure:14635: creating ./config.status

## ---------------------- ##
## Running config.status. ##
## ---------------------- ##

This file was extended by libsc config.status 2.8.7, which was
generated by GNU Autoconf 2.69.  Invocation command line was

  CONFIG_FILES    = 
  CONFIG_HEADERS  = 
  CONFIG_LINKS    = 
  CONFIG_COMMANDS = 
  $ ./config.status 

on csrwks2023-0217.engin.umich.edu

config.status:1179: creating Makefile
config.status:1179: creating doc/Doxyfile
config.status:1179: creating config/Makefile.sc.pre
config.status:1179: creating config/sc_autotools.pc
config.status:1179: creating config/sc_config_autotools.h
config.status:1393: executing config/sc_config.h commands
config.status:1431: creating config/sc_config.h - prefix SC for config/sc_config_autotools.h defines
config.status:1393: executing depfiles commands
config.status:1559: cd .       && sed -e '/# am--include-marker/d' Makefile         | make -f - am--depfiles
config.status:1564: $? = 0
config.status:1393: executing libtool commands
configure:16908: ------------------------------------------------------------------------
SC did not find a JSON library containing json_integer and json_real.
This means that loading JSON files for option values will fail.
You can fix this by installing the jansson development library.
configure:16914: ------------------------------------------------------------------------

## ---------------- ##
## Cache variables. ##
## ---------------- ##

ac_cv_build=x86_64-pc-linux-gnu
ac_cv_c_compiler_gnu=yes
ac_cv_c_const=yes
ac_cv_c_inline=inline
ac_cv_c_restrict=__restrict
ac_cv_env_CC_set=set
ac_cv_env_CC_value=mpicc
ac_cv_env_CFLAGS_set=set
ac_cv_env_CFLAGS_value='-g -O0'
ac_cv_env_CPPFLAGS_set=
ac_cv_env_CPPFLAGS_value=
ac_cv_env_CPP_set=
ac_cv_env_CPP_value=
ac_cv_env_LDFLAGS_set=
ac_cv_env_LDFLAGS_value=
ac_cv_env_LIBS_set=
ac_cv_env_LIBS_value=
ac_cv_env_LT_SYS_LIBRARY_PATH_set=
ac_cv_env_LT_SYS_LIBRARY_PATH_value=
ac_cv_env_build_alias_set=
ac_cv_env_build_alias_value=
ac_cv_env_host_alias_set=
ac_cv_env_host_alias_value=
ac_cv_env_target_alias_set=
ac_cv_env_target_alias_value=
ac_cv_func_aligned_alloc=yes
ac_cv_func_backtrace=yes
ac_cv_func_backtrace_symbols=yes
ac_cv_func_basename=yes
ac_cv_func_dirname=yes
ac_cv_func_fsync=yes
ac_cv_func_gettimeofday=yes
ac_cv_func_posix_memalign=yes
ac_cv_func_qsort_r=yes
ac_cv_func_strtok_r=yes
ac_cv_func_strtol=yes
ac_cv_func_strtoll=yes
ac_cv_header_dlfcn_h=yes
ac_cv_header_execinfo_h=yes
ac_cv_header_fcntl_h=yes
ac_cv_header_inttypes_h=yes
ac_cv_header_libgen_h=yes
ac_cv_header_linux_version_h=yes
ac_cv_header_linux_videodev2_h=yes
ac_cv_header_memory_h=yes
ac_cv_header_signal_h=yes
ac_cv_header_stdc=yes
ac_cv_header_stdint_h=yes
ac_cv_header_stdlib_h=yes
ac_cv_header_string_h=yes
ac_cv_header_strings_h=yes
ac_cv_header_sys_ioctl_h=yes
ac_cv_header_sys_select_h=yes
ac_cv_header_sys_stat_h=yes
ac_cv_header_sys_time_h=yes
ac_cv_header_sys_types_h=yes
ac_cv_header_time_h=yes
ac_cv_header_unistd_h=yes
ac_cv_host=x86_64-pc-linux-gnu
ac_cv_link_v4l2=yes
ac_cv_objext=o
ac_cv_path_EGREP='/usr/bin/grep -E'
ac_cv_path_FGREP='/usr/bin/grep -F'
ac_cv_path_GREP=/usr/bin/grep
ac_cv_path_SED=/usr/bin/sed
ac_cv_path_install='/usr/bin/install -c'
ac_cv_path_lt_DD=/usr/bin/dd
ac_cv_path_mkdir=/usr/bin/mkdir
ac_cv_prog_AWK=gawk
ac_cv_prog_CPP='mpicc -E'
ac_cv_prog_SC_HAVE_DOT=YES
ac_cv_prog_SC_MPIRUN=mpirun
ac_cv_prog_ac_ct_AR=ar
ac_cv_prog_ac_ct_CC=mpicc
ac_cv_prog_ac_ct_OBJDUMP=objdump
ac_cv_prog_ac_ct_RANLIB=ranlib
ac_cv_prog_ac_ct_STRIP=strip
ac_cv_prog_cc_c89=
ac_cv_prog_cc_g=yes
ac_cv_prog_cc_mpicc_c_o=yes
ac_cv_prog_make_make_set=yes
ac_cv_sc_search_adler32_combine=-lz
ac_cv_sc_search_json_integer=no
ac_cv_sc_search_sqrt=-lm
ac_cv_type_size_t=yes
ac_cv_type_ssize_t=yes
am_cv_CC_dependencies_compiler_type=gcc3
am_cv_ar_interface=ar
am_cv_make_support_nested_variables=yes
am_cv_prog_cc_c_o=yes
lt_cv_ar_at_file=@
lt_cv_archive_cmds_need_lc=no
lt_cv_deplibs_check_method=pass_all
lt_cv_file_magic_cmd='$MAGIC_CMD'
lt_cv_file_magic_test_file=
lt_cv_ld_reload_flag=-r
lt_cv_nm_interface='BSD nm'
lt_cv_objdir=.libs
lt_cv_path_LD=/usr/bin/ld
lt_cv_path_NM='/usr/bin/nm -B'
lt_cv_path_mainfest_tool=no
lt_cv_prog_compiler_c_o=yes
lt_cv_prog_compiler_pic='-fPIC -DPIC'
lt_cv_prog_compiler_pic_works=yes
lt_cv_prog_compiler_rtti_exceptions=no
lt_cv_prog_compiler_static_works=no
lt_cv_prog_gnu_ld=yes
lt_cv_sharedlib_from_linklib_cmd='printf %s\n'
lt_cv_shlibpath_overrides_runpath=yes
lt_cv_sys_global_symbol_pipe='sed -n -e '\''s/^.*[	 ]\([ABCDGIRSTW][ABCDGIRSTW]*\)[	 ][	 ]*\([_A-Za-z][_A-Za-z0-9]*\)$/\1 \2 \2/p'\'' | sed '\''/ __gnu_lto/d'\'''
lt_cv_sys_global_symbol_to_c_name_address='sed -n -e '\''s/^: \(.*\) .*$/  {"\1", (void *) 0},/p'\'' -e '\''s/^[ABCDGIRSTW][ABCDGIRSTW]* .* \(.*\)$/  {"\1", (void *) \&\1},/p'\'''
lt_cv_sys_global_symbol_to_c_name_address_lib_prefix='sed -n -e '\''s/^: \(.*\) .*$/  {"\1", (void *) 0},/p'\'' -e '\''s/^[ABCDGIRSTW][ABCDGIRSTW]* .* \(lib.*\)$/  {"\1", (void *) \&\1},/p'\'' -e '\''s/^[ABCDGIRSTW][ABCDGIRSTW]* .* \(.*\)$/  {"lib\1", (void *) \&\1},/p'\'''
lt_cv_sys_global_symbol_to_cdecl='sed -n -e '\''s/^T .* \(.*\)$/extern int \1();/p'\'' -e '\''s/^[ABCDGIRSTW][ABCDGIRSTW]* .* \(.*\)$/extern char \1;/p'\'''
lt_cv_sys_global_symbol_to_import=
lt_cv_sys_max_cmd_len=1572864
lt_cv_to_host_file_cmd=func_convert_file_noop
lt_cv_to_tool_file_cmd=func_convert_file_noop
lt_cv_truncate_bin='/usr/bin/dd bs=4096 count=1'

## ----------------- ##
## Output variables. ##
## ----------------- ##

ACLOCAL='${SHELL} /home/lukasg/p4est_playground/p4est/sc/build-aux/missing aclocal-1.16'
AMDEPBACKSLASH='\'
AMDEP_FALSE='#'
AMDEP_TRUE=''
AMTAR='$${TAR-tar}'
AM_BACKSLASH='\'
AM_DEFAULT_V='$(AM_DEFAULT_VERBOSITY)'
AM_DEFAULT_VERBOSITY='0'
AM_V='$(V)'
AR='ar'
AUTOCONF='${SHELL} /home/lukasg/p4est_playground/p4est/sc/build-aux/missing autoconf'
AUTOHEADER='${SHELL} /home/lukasg/p4est_playground/p4est/sc/build-aux/missing autoheader'
AUTOMAKE='${SHELL} /home/lukasg/p4est_playground/p4est/sc/build-aux/missing automake-1.16'
AWK='gawk'
CC='mpicc'
CCDEPMODE='depmode=gcc3'
CFLAGS='-g -O0'
CPP='mpicc -E'
CPPFLAGS=''
CYGPATH_W='echo'
DEFS='-DHAVE_CONFIG_H'
DEPDIR='.deps'
DLLTOOL='false'
DSYMUTIL=''
DUMPBIN=''
ECHO_C=''
ECHO_N='-n'
ECHO_T=''
EGREP='/usr/bin/grep -E'
EXEEXT=''
FGREP='/usr/bin/grep -F'
GREP='/usr/bin/grep'
HAVE_PKG_MPI='yes'
INSTALL_DATA='${INSTALL} -m 644'
INSTALL_PROGRAM='${INSTALL}'
INSTALL_SCRIPT='${INSTALL}'
INSTALL_STRIP_PROGRAM='$(install_sh) -c -s'
LD='/usr/bin/ld -m elf_x86_64'
LDFLAGS=''
LIBOBJS=''
LIBS='-lz -lm '
LIBTOOL='$(SHELL) $(top_builddir)/libtool'
LIPO=''
LN_S='ln -s'
LTLIBOBJS=''
LT_SYS_LIBRARY_PATH=''
MAKEINFO='${SHELL} /home/lukasg/p4est_playground/p4est/sc/build-aux/missing makeinfo'
MANIFEST_TOOL=':'
MKDIR_P='/usr/bin/mkdir -p'
NM='/usr/bin/nm -B'
NMEDIT=''
OBJDUMP='objdump'
OBJEXT='o'
OTOOL64=''
OTOOL=''
PACKAGE='libsc'
PACKAGE_BUGREPORT='p4est@ins.uni-bonn.de'
PACKAGE_NAME='libsc'
PACKAGE_PREFIX='SC'
PACKAGE_STRING='libsc 2.8.7'
PACKAGE_TARNAME='libsc'
PACKAGE_URL=''
PACKAGE_VERSION='2.8.7'
PATH_SEPARATOR=':'
RANLIB='ranlib'
SC_ENABLE_DEBUG='yes'
SC_ENABLE_DEBUG_FALSE='#'
SC_ENABLE_DEBUG_TRUE=''
SC_ENABLE_FILE_CHECKS_FALSE='#'
SC_ENABLE_FILE_CHECKS_TRUE=''
SC_ENABLE_MEMALIGN_FALSE='#'
SC_ENABLE_MEMALIGN_TRUE=''
SC_ENABLE_MPIIO_FALSE='#'
SC_ENABLE_MPIIO_TRUE=''
SC_ENABLE_MPISHARED_FALSE='#'
SC_ENABLE_MPISHARED_TRUE=''
SC_ENABLE_MPITHREAD_FALSE='#'
SC_ENABLE_MPITHREAD_TRUE=''
SC_ENABLE_MPI_FALSE='#'
SC_ENABLE_MPI_TRUE=''
SC_ENABLE_PTHREAD_FALSE=''
SC_ENABLE_PTHREAD_TRUE='#'
SC_ENABLE_USE_COUNTERS_FALSE='#'
SC_ENABLE_USE_COUNTERS_TRUE=''
SC_ENABLE_USE_REALLOC_FALSE='#'
SC_ENABLE_USE_REALLOC_TRUE=''
SC_ENABLE_V4L2_FALSE='#'
SC_ENABLE_V4L2_TRUE=''
SC_HAVE_DOT='YES'
SC_HAVE_JSON=''
SC_MPIRUN='mpirun'
SC_MPI_TEST_FLAGS='-np 2'
SC_PROVIDE_GETOPT_FALSE=''
SC_PROVIDE_GETOPT_TRUE='#'
SC_VALGRIND=''
SC_VALGRIND_FLAGS=''
SC_WITH_PAPI_FALSE=''
SC_WITH_PAPI_TRUE='#'
SED='/usr/bin/sed'
SET_MAKE=''
SHELL='/bin/sh'
STRIP='strip'
VERSION='2.8.7'
ac_ct_AR='ar'
ac_ct_CC='mpicc'
ac_ct_DUMPBIN=''
am__EXEEXT_FALSE=''
am__EXEEXT_TRUE='#'
am__fastdepCC_FALSE='#'
am__fastdepCC_TRUE=''
am__include='include'
am__isrc=' -I$(srcdir)'
am__leading_dot='.'
am__nodep='_no'
am__quote=''
am__tar='$${TAR-tar} chof - "$$tardir"'
am__untar='$${TAR-tar} xf -'
bindir='${exec_prefix}/bin'
build='x86_64-pc-linux-gnu'
build_alias=''
build_cpu='x86_64'
build_os='linux-gnu'
build_vendor='pc'
datadir='${datarootdir}'
datarootdir='${prefix}/share'
docdir='${datarootdir}/doc/${PACKAGE_TARNAME}'
dvidir='${docdir}'
exec_prefix='${prefix}'
host='x86_64-pc-linux-gnu'
host_alias=''
host_cpu='x86_64'
host_os='linux-gnu'
host_vendor='pc'
htmldir='${docdir}'
includedir='${prefix}/include'
infodir='${datarootdir}/info'
install_sh='${SHELL} /home/lukasg/p4est_playground/p4est/sc/build-aux/install-sh'
libdir='${exec_prefix}/lib'
libexecdir='${exec_prefix}/libexec'
localedir='${datarootdir}/locale'
localstatedir='${prefix}/var'
mandir='${datarootdir}/man'
mkdir_p='$(MKDIR_P)'
oldincludedir='/usr/include'
pdfdir='${docdir}'
pkgconfigdir='${libdir}/pkgconfig'
prefix='/home/lukasg/p4est_playground/p4est/build0/local'
program_transform_name='s,x,x,'
psdir='${docdir}'
sbindir='${exec_prefix}/sbin'
sharedstatedir='${prefix}/com'
sysconfdir='${prefix}/etc'
target_alias=''

## ----------- ##
## confdefs.h. ##
## ----------- ##

/* confdefs.h */
#define PACKAGE_NAME "libsc"
#define PACKAGE_TARNAME "libsc"
#define PACKAGE_VERSION "2.8.7"
#define PACKAGE_STRING "libsc 2.8.7"
#define PACKAGE_BUGREPORT "p4est@ins.uni-bonn.de"
#define PACKAGE_URL ""
#define PACKAGE "libsc"
#define VERSION "2.8.7"
#define VERSION_MAJOR 2
#define VERSION_MINOR 8
#define VERSION_POINT 7
#define DEBUG 1
#define ENABLE_DEBUG 1
#define USE_REALLOC 1
#define ENABLE_USE_REALLOC 1
#define USE_COUNTERS 1
#define ENABLE_USE_COUNTERS 1
#define FILE_CHECKS 1
#define ENABLE_FILE_CHECKS 1
#define MPI 1
#define ENABLE_MPI 1
#define MPIIO 1
#define ENABLE_MPIIO 1
#define ENABLE_MPITHREAD 1
#define HAVE_AINT_DIFF 1
#define HAVE_MPI_UNSIGNED_LONG_LONG 1
#define HAVE_MPI_SIGNED_CHAR 1
#define HAVE_MPI_INT8_T 1
#define ENABLE_MPIWINSHARED 1
#define ENABLE_MPICOMMSHARED 1
#define ENABLE_MPISHARED 1
#define STDC_HEADERS 1
#define HAVE_SYS_TYPES_H 1
#define HAVE_SYS_STAT_H 1
#define HAVE_STDLIB_H 1
#define HAVE_STRING_H 1
#define HAVE_MEMORY_H 1
#define HAVE_STRINGS_H 1
#define HAVE_INTTYPES_H 1
#define HAVE_STDINT_H 1
#define HAVE_UNISTD_H 1
#define HAVE_DLFCN_H 1
#define LT_OBJDIR ".libs/"
#define restrict __restrict
#define HAVE_FCNTL_H 1
#define HAVE_SYS_IOCTL_H 1
#define HAVE_SYS_SELECT_H 1
#define HAVE_SYS_STAT_H 1
#define HAVE_EXECINFO_H 1
#define HAVE_SIGNAL_H 1
#define HAVE_LIBGEN_H 1
#define HAVE_TIME_H 1
#define HAVE_SYS_TIME_H 1
#define HAVE_LINUX_VERSION_H 1
#define HAVE_LINUX_VIDEODEV2_H 1
#define HAVE_BACKTRACE 1
#define HAVE_BACKTRACE_SYMBOLS 1
#define HAVE_BASENAME 1
#define HAVE_DIRNAME 1
#define HAVE_STRTOL 1
#define HAVE_STRTOLL 1
#define HAVE_STRTOK_R 1
#define HAVE_FSYNC 1
#define HAVE_QSORT_R 1
#define HAVE_GETTIMEOFDAY 1
#define USING_AUTOCONF 1
#define HAVE_MATH 1
#define HAVE_ZLIB 1
#define HAVE_ALIGNED_ALLOC 1
#define HAVE_POSIX_MEMALIGN 1
#define MEMALIGN 1
#define ENABLE_MEMALIGN 1
#define MEMALIGN_BYTES (8)
#define HAVE_GNU_QSORT_R 1
#define ENABLE_V4L2 1

configure: exit 0
